// Jest Snapshot v1, https://goo.gl/fbAQLP

exports[`AddPoll will match snapshot 1`] = `
Object {
  "asFragment": [Function],
  "baseElement": <body>
    <div>
      <div
        class="min-h-[80vh] h-full max-w-6xl mx-auto p-8 w-full gap-6 flex flex-col items-center justify-center text-center"
      >
        <h2
          class="text-3xl"
        >
          Create your own Poll
        </h2>
        <div
          class="poll-form flex flex-col gap-4 mt-2 w-full max-w-[500px]"
        >
          <h3
            class="mb-4 text-xl"
          >
            Would you rather
          </h3>
          <form
            class="flex flex-col gap-2"
          >
            <label
              class="flex flex-col gap-1"
            >
              <span>
                Option one
              </span>
              <input
                class="form-control border rounded-sm border-slate-400 text-sm p-1.5"
                data-testid="input-option-one-text"
                name="optionOneText"
                placeholder="Option one"
                required=""
                type="text"
                value=""
              />
            </label>
            <label
              class="flex flex-col gap-1"
            >
              <span>
                Option two
              </span>
              <input
                class="form-control border rounded-sm border-slate-400 text-sm p-1.5"
                data-testid="input-option-two-text"
                name="optionTwoText"
                placeholder="Option two"
                required=""
                type="text"
                value=""
              />
            </label>
            <input
              class="btn-primary mt-4 text-base"
              type="submit"
              value="Submit Poll"
            />
          </form>
        </div>
      </div>
    </div>
  </body>,
  "container": <div>
    <div
      class="min-h-[80vh] h-full max-w-6xl mx-auto p-8 w-full gap-6 flex flex-col items-center justify-center text-center"
    >
      <h2
        class="text-3xl"
      >
        Create your own Poll
      </h2>
      <div
        class="poll-form flex flex-col gap-4 mt-2 w-full max-w-[500px]"
      >
        <h3
          class="mb-4 text-xl"
        >
          Would you rather
        </h3>
        <form
          class="flex flex-col gap-2"
        >
          <label
            class="flex flex-col gap-1"
          >
            <span>
              Option one
            </span>
            <input
              class="form-control border rounded-sm border-slate-400 text-sm p-1.5"
              data-testid="input-option-one-text"
              name="optionOneText"
              placeholder="Option one"
              required=""
              type="text"
              value=""
            />
          </label>
          <label
            class="flex flex-col gap-1"
          >
            <span>
              Option two
            </span>
            <input
              class="form-control border rounded-sm border-slate-400 text-sm p-1.5"
              data-testid="input-option-two-text"
              name="optionTwoText"
              placeholder="Option two"
              required=""
              type="text"
              value=""
            />
          </label>
          <input
            class="btn-primary mt-4 text-base"
            type="submit"
            value="Submit Poll"
          />
        </form>
      </div>
    </div>
  </div>,
  "debug": [Function],
  "findAllByAltText": [Function],
  "findAllByDisplayValue": [Function],
  "findAllByLabelText": [Function],
  "findAllByPlaceholderText": [Function],
  "findAllByRole": [Function],
  "findAllByTestId": [Function],
  "findAllByText": [Function],
  "findAllByTitle": [Function],
  "findByAltText": [Function],
  "findByDisplayValue": [Function],
  "findByLabelText": [Function],
  "findByPlaceholderText": [Function],
  "findByRole": [Function],
  "findByTestId": [Function],
  "findByText": [Function],
  "findByTitle": [Function],
  "getAllByAltText": [Function],
  "getAllByDisplayValue": [Function],
  "getAllByLabelText": [Function],
  "getAllByPlaceholderText": [Function],
  "getAllByRole": [Function],
  "getAllByTestId": [Function],
  "getAllByText": [Function],
  "getAllByTitle": [Function],
  "getByAltText": [Function],
  "getByDisplayValue": [Function],
  "getByLabelText": [Function],
  "getByPlaceholderText": [Function],
  "getByRole": [Function],
  "getByTestId": [Function],
  "getByText": [Function],
  "getByTitle": [Function],
  "queryAllByAltText": [Function],
  "queryAllByDisplayValue": [Function],
  "queryAllByLabelText": [Function],
  "queryAllByPlaceholderText": [Function],
  "queryAllByRole": [Function],
  "queryAllByTestId": [Function],
  "queryAllByText": [Function],
  "queryAllByTitle": [Function],
  "queryByAltText": [Function],
  "queryByDisplayValue": [Function],
  "queryByLabelText": [Function],
  "queryByPlaceholderText": [Function],
  "queryByRole": [Function],
  "queryByTestId": [Function],
  "queryByText": [Function],
  "queryByTitle": [Function],
  "rerender": [Function],
  "unmount": [Function],
}
`;
