// Jest Snapshot v1, https://goo.gl/fbAQLP

exports[`Home will match snapshot 1`] = `
Object {
  "asFragment": [Function],
  "baseElement": <body>
    <div>
      <div
        class="min-h-screen p-8 max-w-6xl flex flex-col justify-start mx-auto"
      >
        <div
          aria-label="tabs"
          class="relative w-full p-5 py-6 h-8 flex justify-start gap-8 shadow-2xl shadow-900/20 overflow-hidden transition items-center bg-slate-800 text-gray-100 text-lg"
          role="tablist"
        >
          <button
            class="inline-block hover:text-yellow-400 font-semibold border-b-2 border-b-yellow-500"
            role="tab"
            value="0"
          >
            Unanswered
          </button>
          <button
            class="inline-block hover:text-yellow-400 font-semibold border-b-none"
            role="tab"
            value="1"
          >
            Answered
          </button>
        </div>
        <div
          class="bg-slate-200 flex flex-wrap justify-center gap-8 px-8 py-4"
        >
          <h1
            class="text-2xl"
          >
            You're all caught up!
          </h1>
        </div>
      </div>
    </div>
  </body>,
  "container": <div>
    <div
      class="min-h-screen p-8 max-w-6xl flex flex-col justify-start mx-auto"
    >
      <div
        aria-label="tabs"
        class="relative w-full p-5 py-6 h-8 flex justify-start gap-8 shadow-2xl shadow-900/20 overflow-hidden transition items-center bg-slate-800 text-gray-100 text-lg"
        role="tablist"
      >
        <button
          class="inline-block hover:text-yellow-400 font-semibold border-b-2 border-b-yellow-500"
          role="tab"
          value="0"
        >
          Unanswered
        </button>
        <button
          class="inline-block hover:text-yellow-400 font-semibold border-b-none"
          role="tab"
          value="1"
        >
          Answered
        </button>
      </div>
      <div
        class="bg-slate-200 flex flex-wrap justify-center gap-8 px-8 py-4"
      >
        <h1
          class="text-2xl"
        >
          You're all caught up!
        </h1>
      </div>
    </div>
  </div>,
  "debug": [Function],
  "findAllByAltText": [Function],
  "findAllByDisplayValue": [Function],
  "findAllByLabelText": [Function],
  "findAllByPlaceholderText": [Function],
  "findAllByRole": [Function],
  "findAllByTestId": [Function],
  "findAllByText": [Function],
  "findAllByTitle": [Function],
  "findByAltText": [Function],
  "findByDisplayValue": [Function],
  "findByLabelText": [Function],
  "findByPlaceholderText": [Function],
  "findByRole": [Function],
  "findByTestId": [Function],
  "findByText": [Function],
  "findByTitle": [Function],
  "getAllByAltText": [Function],
  "getAllByDisplayValue": [Function],
  "getAllByLabelText": [Function],
  "getAllByPlaceholderText": [Function],
  "getAllByRole": [Function],
  "getAllByTestId": [Function],
  "getAllByText": [Function],
  "getAllByTitle": [Function],
  "getByAltText": [Function],
  "getByDisplayValue": [Function],
  "getByLabelText": [Function],
  "getByPlaceholderText": [Function],
  "getByRole": [Function],
  "getByTestId": [Function],
  "getByText": [Function],
  "getByTitle": [Function],
  "queryAllByAltText": [Function],
  "queryAllByDisplayValue": [Function],
  "queryAllByLabelText": [Function],
  "queryAllByPlaceholderText": [Function],
  "queryAllByRole": [Function],
  "queryAllByTestId": [Function],
  "queryAllByText": [Function],
  "queryAllByTitle": [Function],
  "queryByAltText": [Function],
  "queryByDisplayValue": [Function],
  "queryByLabelText": [Function],
  "queryByPlaceholderText": [Function],
  "queryByRole": [Function],
  "queryByTestId": [Function],
  "queryByText": [Function],
  "queryByTitle": [Function],
  "rerender": [Function],
  "unmount": [Function],
}
`;
