// Jest Snapshot v1, https://goo.gl/fbAQLP

exports[`Login will match snapshot 1`] = `
Object {
  "asFragment": [Function],
  "baseElement": <body>
    <div>
      <div
        class="flex h-screen items-center justify-center py-1-5 px-4 sm:px-6 lg:px-8"
      >
        <div
          class="w-full max-w-md space-y-8"
        >
          <h1
            class="text-center text-4xl"
          >
            Employee Polls
          </h1>
          <div>
            <h2
              class="mt-6 text-center text-2xl font-bold tracking-tight text-gray-900"
            >
              Sign in
            </h2>
          </div>
          <form
            class="mt-8 space-y-6"
          >
            <div
              class="-space-y-px shadow-sm"
            >
              <div
                class="text-left mb-4"
              >
                <label>
                  <span
                    class="text-lg inline-block mb-1"
                  >
                    Username
                  </span>
                  <input
                    class="relative block w-full appearance-none rounded border border-gray-300 px-3 py-2 text-gray-900 placeholder-gray-500 focus:z-10 focus:border-indigo-500 focus:outline-none focus:ring-indigo-500 sm:text-sm"
                    disabled=""
                    id="username"
                    name="username"
                    placeholder="Username"
                    required=""
                    type="text"
                    value="sarahedo"
                  />
                </label>
              </div>
              <div
                class="text-left"
              >
                <label>
                  <span
                    class="text-lg inline-block mb-1"
                  >
                    Password
                  </span>
                  <input
                    class="relative block w-full appearance-none rounded border border-gray-300 px-3 py-2 text-gray-900 placeholder-gray-500 focus:z-10 focus:border-indigo-500 focus:outline-none focus:ring-indigo-500 sm:text-sm"
                    disabled=""
                    id="password"
                    name="password"
                    placeholder="Password"
                    required=""
                    type="password"
                    value="password123"
                  />
                </label>
              </div>
            </div>
            <div>
              <input
                class="group relative flex w-full justify-center rounded border border-transparent bg-indigo-600 py-2 px-4 font-medium text-white hover:bg-indigo-700 focus:outline-none focus:ring-2 focus:ring-indigo-500 focus:ring-offset-2 cursor-pointer text-md"
                type="submit"
                value="Sign in as Guest"
              />
            </div>
          </form>
        </div>
      </div>
    </div>
  </body>,
  "container": <div>
    <div
      class="flex h-screen items-center justify-center py-1-5 px-4 sm:px-6 lg:px-8"
    >
      <div
        class="w-full max-w-md space-y-8"
      >
        <h1
          class="text-center text-4xl"
        >
          Employee Polls
        </h1>
        <div>
          <h2
            class="mt-6 text-center text-2xl font-bold tracking-tight text-gray-900"
          >
            Sign in
          </h2>
        </div>
        <form
          class="mt-8 space-y-6"
        >
          <div
            class="-space-y-px shadow-sm"
          >
            <div
              class="text-left mb-4"
            >
              <label>
                <span
                  class="text-lg inline-block mb-1"
                >
                  Username
                </span>
                <input
                  class="relative block w-full appearance-none rounded border border-gray-300 px-3 py-2 text-gray-900 placeholder-gray-500 focus:z-10 focus:border-indigo-500 focus:outline-none focus:ring-indigo-500 sm:text-sm"
                  disabled=""
                  id="username"
                  name="username"
                  placeholder="Username"
                  required=""
                  type="text"
                  value="sarahedo"
                />
              </label>
            </div>
            <div
              class="text-left"
            >
              <label>
                <span
                  class="text-lg inline-block mb-1"
                >
                  Password
                </span>
                <input
                  class="relative block w-full appearance-none rounded border border-gray-300 px-3 py-2 text-gray-900 placeholder-gray-500 focus:z-10 focus:border-indigo-500 focus:outline-none focus:ring-indigo-500 sm:text-sm"
                  disabled=""
                  id="password"
                  name="password"
                  placeholder="Password"
                  required=""
                  type="password"
                  value="password123"
                />
              </label>
            </div>
          </div>
          <div>
            <input
              class="group relative flex w-full justify-center rounded border border-transparent bg-indigo-600 py-2 px-4 font-medium text-white hover:bg-indigo-700 focus:outline-none focus:ring-2 focus:ring-indigo-500 focus:ring-offset-2 cursor-pointer text-md"
              type="submit"
              value="Sign in as Guest"
            />
          </div>
        </form>
      </div>
    </div>
  </div>,
  "debug": [Function],
  "findAllByAltText": [Function],
  "findAllByDisplayValue": [Function],
  "findAllByLabelText": [Function],
  "findAllByPlaceholderText": [Function],
  "findAllByRole": [Function],
  "findAllByTestId": [Function],
  "findAllByText": [Function],
  "findAllByTitle": [Function],
  "findByAltText": [Function],
  "findByDisplayValue": [Function],
  "findByLabelText": [Function],
  "findByPlaceholderText": [Function],
  "findByRole": [Function],
  "findByTestId": [Function],
  "findByText": [Function],
  "findByTitle": [Function],
  "getAllByAltText": [Function],
  "getAllByDisplayValue": [Function],
  "getAllByLabelText": [Function],
  "getAllByPlaceholderText": [Function],
  "getAllByRole": [Function],
  "getAllByTestId": [Function],
  "getAllByText": [Function],
  "getAllByTitle": [Function],
  "getByAltText": [Function],
  "getByDisplayValue": [Function],
  "getByLabelText": [Function],
  "getByPlaceholderText": [Function],
  "getByRole": [Function],
  "getByTestId": [Function],
  "getByText": [Function],
  "getByTitle": [Function],
  "queryAllByAltText": [Function],
  "queryAllByDisplayValue": [Function],
  "queryAllByLabelText": [Function],
  "queryAllByPlaceholderText": [Function],
  "queryAllByRole": [Function],
  "queryAllByTestId": [Function],
  "queryAllByText": [Function],
  "queryAllByTitle": [Function],
  "queryByAltText": [Function],
  "queryByDisplayValue": [Function],
  "queryByLabelText": [Function],
  "queryByPlaceholderText": [Function],
  "queryByRole": [Function],
  "queryByTestId": [Function],
  "queryByText": [Function],
  "queryByTitle": [Function],
  "rerender": [Function],
  "unmount": [Function],
}
`;
